Device=cuda  terrains: train=70 val=15 test=15  seed=42
  PPO [left]: LSTM + fixed-std — mean forced to learn walking
  [left] Good training terrains: 62/70

============================================================
PPO-LSTM training [left]  iters=600  device=cuda
============================================================
  iter   10/600 | dist=  2.6  rew=  15.9  succ=0.00 | L_pol=-0.0023  L_val=184.9856  log_std=0.456  vel×4.0  t=43s
  iter   20/600 | dist=  3.6  rew=  36.9  succ=0.00 | L_pol=-0.0005  L_val=231.4900  log_std=0.413  vel×4.0  t=86s
  → VAL dist=0.95
  ✓ best saved → /home/ubuntu/workspace/hexapod-wall-tackle/robot_training/models/ppo_best_left.pt
  iter   30/600 | dist=  3.6  rew=  35.3  succ=0.00 | L_pol=-0.0018  L_val=194.4011  log_std=0.369  vel×4.0  t=131s
  iter   40/600 | dist=  3.6  rew=  30.7  succ=0.00 | L_pol=-0.0013  L_val=238.6107  log_std=0.325  vel×4.0  t=173s
  iter   50/600 | dist=  7.2  rew=  67.9  succ=0.00 | L_pol=-0.0032  L_val=255.7921  log_std=0.282  vel×4.0  t=219s
  → VAL dist=0.63
  iter   60/600 | dist=  7.0  rew=  66.3  succ=0.00 | L_pol=-0.0032  L_val=227.9710  log_std=0.238  vel×4.0  t=272s
  iter   70/600 | dist=  3.7  rew=  22.2  succ=0.06 | L_pol=-0.0011  L_val=281.9855  log_std=0.194  vel×4.0  t=318s
  → VAL dist=0.29
  iter   80/600 | dist=  3.5  rew=  15.8  succ=0.00 | L_pol=0.0010  L_val=215.7503  log_std=0.151  vel×4.0  t=367s
  iter   90/600 | dist=  7.1  rew=  66.7  succ=0.00 | L_pol=-0.0031  L_val=188.1714  log_std=0.107  vel×4.0  t=411s
  iter  100/600 | dist=  9.2  rew=  86.6  succ=0.00 | L_pol=-0.0022  L_val=206.8237  log_std=0.063  vel×4.0  t=451s
  → VAL dist=0.39
  iter  110/600 | dist=  3.7  rew=  25.3  succ=0.00 | L_pol=-0.0020  L_val=179.3742  log_std=0.020  vel×4.0  t=501s
  iter  120/600 | dist=  4.5  rew=  40.1  succ=0.00 | L_pol=-0.0027  L_val=144.3402  log_std=-0.024  vel×4.0  t=544s
  → VAL dist=0.13
  iter  130/600 | dist=  3.4  rew=  28.8  succ=0.00 | L_pol=-0.0031  L_val=83.1465  log_std=-0.068  vel×3.8  t=584s
  iter  140/600 | dist=  2.7  rew=  15.1  succ=0.00 | L_pol=-0.0019  L_val=165.6250  log_std=-0.111  vel×3.7  t=618s
  iter  150/600 | dist=  4.3  rew=  37.7  succ=0.00 | L_pol=-0.0052  L_val=59.7924  log_std=-0.155  vel×3.5  t=650s
  → VAL dist=0.40
