Device: cuda

[0] Generating additional terrains ...
  [primitive] seed=10: easy: gentle bumps  segs=69 gaps=0
  [primitive] seed=11: staircase up+down  segs=23 gaps=0
  [primitive] seed=12: small steppable gaps  segs=10 gaps=8
  [primitive] seed=13: large fall-through gaps  segs=5 gaps=4
  [primitive] seed=14: bumps + small gaps  segs=110 gaps=6
  [primitive] seed=15: alternating extreme steps  segs=19 gaps=0
  [primitive] seed=16: pit traps + bumps  segs=64 gaps=0
  [primitive] seed=17: hard: random mix  segs=67 gaps=7
  [primitive] seed=18: long flat + wall + large gap  segs=6 gaps=1
  [primitive] seed=19: floating platforms at varied heights  segs=7 gaps=5
  [fbm_noise] seed=10: smooth, no gaps  segs=599 gaps=0
  [fbm_noise] seed=11: low freq + small gaps  segs=560 gaps=3
  [fbm_noise] seed=12: medium freq + large gaps  segs=491 gaps=2
  [fbm_noise] seed=13: high octaves + mixed gaps  segs=477 gaps=4
  [fbm_noise] seed=14: gentle hills + massive gap  segs=534 gaps=1
  [fbm_noise] seed=15: rough + many small gaps  segs=541 gaps=5
  [fbm_noise] seed=16: high amplitude + 2 large + 1 small  segs=492 gaps=3
  [fbm_noise] seed=17: moderate + alternating gaps  segs=464 gaps=6
  [fbm_noise] seed=18: very low freq + huge gap  segs=517 gaps=2
  [fbm_noise] seed=19: max difficulty: rough + gaps  segs=478 gaps=4
  [random_walk] seed=10: very smooth walk, no gaps  segs=499 gaps=0
  [random_walk] seed=11: gentle walk + small gaps  segs=471 gaps=3
  [random_walk] seed=12: moderate walk + large gaps  segs=422 gaps=2
  [random_walk] seed=13: rougher walk + mixed small  segs=451 gaps=4
  [random_walk] seed=14: bumpy walk + 2 large gaps  segs=404 gaps=2
  [random_walk] seed=15: jagged walk + 5 varied gaps  segs=355 gaps=5
  [random_walk] seed=16: smooth walk + 6 small steppable  segs=440 gaps=6
  [random_walk] seed=17: very jagged + 3 large gaps  segs=351 gaps=3
  [random_walk] seed=18: medium jagged + borderline gaps  segs=429 gaps=4
  [random_walk] seed=19: max jagged + max gaps  segs=310 gaps=4
  [spline] seed=10: 6 ctrl pts, gentle waves  segs=499 gaps=0
  [spline] seed=11: 8 pts + 2 small gaps  segs=477 gaps=2
  [spline] seed=12: 10 pts + 2 large gaps  segs=409 gaps=2
  [spline] seed=13: 7 pts + 3 small gaps  segs=469 gaps=3
  [spline] seed=14: 12 pts + large + small  segs=399 gaps=3
  [spline] seed=15: 5 pts + alternating gaps  segs=387 gaps=4
  [spline] seed=16: 9 pts + 5 small steppable  segs=456 gaps=5
  [spline] seed=17: 8 pts + two huge gaps  segs=386 gaps=2
  [spline] seed=18: 14 pts + alternating sizes  segs=399 gaps=4
  [spline] seed=19: 10 pts max difficulty  segs=371 gaps=5
  [wfc] seed=10: easy: flat-heavy  segs=99 gaps=0
  [wfc] seed=11: bumps + small gaps  segs=86 gaps=4
  [wfc] seed=12: step-heavy  segs=54 gaps=4
  [wfc] seed=13: large gap emphasis  segs=47 gaps=2
  [wfc] seed=14: pit-heavy  segs=49 gaps=2
  [wfc] seed=15: balanced medium  segs=52 gaps=0
  [wfc] seed=16: ramps + bumps  segs=136 gaps=1
  [wfc] seed=17: gap-heavy  segs=67 gaps=7
  [wfc] seed=18: obstacles + pits  segs=39 gaps=1
  [wfc] seed=19: full chaos  segs=68 gaps=4

Dataset: total=100  train=70  val=15  test=15

[1] BC data collection ...
  Collecting BC data [right] (600 steps) ...
    Saved obs=(600, 219)  act=(600, 8)
  Collecting BC data [left] (600 steps) ...
    Saved obs=(600, 219)  act=(600, 8)

[2] BC training ...
  BC training [right]: 600 samples, 60 epochs, device=cuda
    epoch  10/60  loss=0.00462  t=0s
    epoch  20/60  loss=0.00114  t=1s
    epoch  30/60  loss=0.00049  t=1s
    epoch  40/60  loss=0.00027  t=1s
    epoch  50/60  loss=0.00017  t=1s
    epoch  60/60  loss=0.00012  t=1s
  BC model saved → /home/ubuntu/workspace/hexapod-wall-tackle/robot_training/models/bc_right.pt
  BC training [left]: 600 samples, 60 epochs, device=cuda
    epoch  10/60  loss=0.00685  t=0s
    epoch  20/60  loss=0.00277  t=0s
    epoch  30/60  loss=0.00087  t=0s
    epoch  40/60  loss=0.00042  t=1s
    epoch  50/60  loss=0.00026  t=1s
    epoch  60/60  loss=0.00019  t=1s
  BC model saved → /home/ubuntu/workspace/hexapod-wall-tackle/robot_training/models/bc_left.pt
  PPO [right]: loading BC init from /home/ubuntu/workspace/hexapod-wall-tackle/robot_training/models/bc_right.pt

============================================================
PPO training [right]  iters=300  device=cuda
============================================================
  iter   10/300 | dist=  3.4  rew=-954.9  succ=0.00 | L_pol=-0.0131  L_val=694.0869  t=17s
  iter   20/300 | dist=  0.0  rew=-1090.0  succ=0.00 | L_pol=-0.0105  L_val=837.4470  t=31s
  → VAL dist=0.24
  ✓ best saved → /home/ubuntu/workspace/hexapod-wall-tackle/robot_training/models/ppo_best_right.pt
  iter   30/300 | dist=  0.1  rew=-1363.0  succ=0.00 | L_pol=-0.0132  L_val=1239.5824  t=54s
  iter   40/300 | dist=  0.2  rew=-1069.4  succ=0.00 | L_pol=-0.0088  L_val=609.6418  t=69s
  → VAL dist=0.55
  ✓ best saved → /home/ubuntu/workspace/hexapod-wall-tackle/robot_training/models/ppo_best_right.pt
  iter   50/300 | dist=  0.7  rew=-1113.9  succ=0.00 | L_pol=-0.0066  L_val=605.5497  t=91s
  iter   60/300 | dist=  3.5  rew=-539.7  succ=0.00 | L_pol=0.0022  L_val=862.5325  t=106s
  → VAL dist=0.52
  iter   70/300 | dist=  3.2  rew=-1124.9  succ=0.00 | L_pol=-0.0034  L_val=470.6719  t=129s
  iter   80/300 | dist=  3.2  rew=-430.4  succ=0.00 | L_pol=-0.0254  L_val=487.1723  t=142s
  → VAL dist=1.05
  ✓ best saved → /home/ubuntu/workspace/hexapod-wall-tackle/robot_training/models/ppo_best_right.pt
  iter   90/300 | dist=  2.1  rew=-1468.6  succ=0.00 | L_pol=-0.0006  L_val=773.9353  t=161s
  iter  100/300 | dist=  1.6  rew=-1168.4  succ=0.00 | L_pol=-0.0223  L_val=289.9323  t=174s
  → VAL dist=0.76
  iter  110/300 | dist=  6.8  rew=-1178.7  succ=0.00 | L_pol=-0.0363  L_val=472.8305  t=199s
  iter  120/300 | dist=  1.2  rew=-1318.5  succ=0.00 | L_pol=-0.0007  L_val=656.1914  t=219s
  → VAL dist=0.82
  iter  130/300 | dist=  1.5  rew=-1319.0  succ=0.00 | L_pol=-0.0025  L_val=742.0676  t=242s
  iter  140/300 | dist=  1.5  rew=-1604.8  succ=0.00 | L_pol=-0.0136  L_val=760.1774  t=260s
  → VAL dist=0.61
  iter  150/300 | dist=  6.8  rew=-1143.9  succ=0.00 | L_pol=-0.0109  L_val=529.1700  t=283s
  iter  160/300 | dist=  1.7  rew=-1415.2  succ=0.00 | L_pol=-0.0016  L_val=727.3659  t=304s
  → VAL dist=0.95
  iter  170/300 | dist=  2.7  rew=-725.5  succ=0.00 | L_pol=-0.0182  L_val=1201.7881  t=326s
  iter  180/300 | dist=  2.6  rew=-1381.0  succ=0.00 | L_pol=-0.0195  L_val=297.1497  t=343s
  → VAL dist=1.67
  ✓ best saved → /home/ubuntu/workspace/hexapod-wall-tackle/robot_training/models/ppo_best_right.pt
  iter  190/300 | dist=  3.2  rew=-1341.6  succ=0.00 | L_pol=-0.0014  L_val=748.4881  t=369s
  iter  200/300 | dist=  1.0  rew=-1429.5  succ=0.00 | L_pol=-0.0200  L_val=311.7804  t=389s
  → VAL dist=0.71
  iter  210/300 | dist=  1.0  rew=-1310.0  succ=0.00 | L_pol=-0.0182  L_val=298.2314  t=416s
  iter  220/300 | dist=  7.4  rew=-1232.4  succ=0.00 | L_pol=-0.0161  L_val=272.1109  t=432s
  → VAL dist=0.64
  iter  230/300 | dist=  5.8  rew=-1215.2  succ=0.00 | L_pol=-0.0099  L_val=505.9073  t=461s
  iter  240/300 | dist=  0.8  rew=-1081.8  succ=0.00 | L_pol=-0.0021  L_val=543.0616  t=482s
  → VAL dist=0.59
  iter  250/300 | dist=  2.5  rew=-258.3  succ=0.00 | L_pol=-0.0101  L_val=399.6353  t=511s
  iter  260/300 | dist=  2.3  rew=-1127.0  succ=0.00 | L_pol=-0.0068  L_val=732.2656  t=532s
  → VAL dist=1.14
  iter  270/300 | dist=  0.8  rew=-1430.2  succ=0.00 | L_pol=-0.0011  L_val=765.3561  t=557s
  iter  280/300 | dist=  5.5  rew=-1194.1  succ=0.00 | L_pol=-0.0141  L_val=409.3292  t=575s
  → VAL dist=0.67
  iter  290/300 | dist=  3.5  rew=-1608.4  succ=0.00 | L_pol=-0.0024  L_val=945.4028  t=603s
  iter  300/300 | dist=  5.3  rew=-1327.1  succ=0.00 | L_pol=-0.0163  L_val=467.2266  t=623s
  → VAL dist=0.90

Final model → /home/ubuntu/workspace/hexapod-wall-tackle/robot_training/models/ppo_final_right.pt
Best val dist = 1.67
  PPO [left]: loading BC init from /home/ubuntu/workspace/hexapod-wall-tackle/robot_training/models/bc_left.pt

============================================================
PPO training [left]  iters=300  device=cuda
============================================================
  iter   10/300 | dist=  2.4  rew=-244.8  succ=0.00 | L_pol=-0.0095  L_val=581.7845  t=11s
  iter   20/300 | dist=  0.6  rew=-499.1  succ=0.00 | L_pol=-0.0128  L_val=638.4072  t=26s
  → VAL dist=0.33
  ✓ best saved → /home/ubuntu/workspace/hexapod-wall-tackle/robot_training/models/ppo_best_left.pt
  iter   30/300 | dist=  4.4  rew=-507.3  succ=0.00 | L_pol=-0.0057  L_val=561.9422  t=44s
  iter   40/300 | dist=  0.2  rew=-116.2  succ=0.00 | L_pol=-0.0207  L_val=427.6096  t=55s
  → VAL dist=0.16
  iter   50/300 | dist=  5.3  rew=-1094.4  succ=0.00 | L_pol=-0.0010  L_val=511.5591  t=72s
  iter   60/300 | dist=  0.8  rew=-266.3  succ=0.00 | L_pol=-0.0022  L_val=383.7022  t=84s
  → VAL dist=0.55
  ✓ best saved → /home/ubuntu/workspace/hexapod-wall-tackle/robot_training/models/ppo_best_left.pt
  iter   70/300 | dist=  3.1  rew=-169.2  succ=0.00 | L_pol=-0.0356  L_val=641.7497  t=102s
  iter   80/300 | dist=  1.4  rew=-308.2  succ=0.00 | L_pol=-0.0100  L_val=689.6441  t=114s
  → VAL dist=0.32
  iter   90/300 | dist=  7.6  rew=-617.7  succ=0.00 | L_pol=-0.0035  L_val=533.7329  t=130s
  iter  100/300 | dist=  0.5  rew=-226.4  succ=0.00 | L_pol=-0.0036  L_val=522.5805  t=143s
  → VAL dist=0.53
  iter  110/300 | dist=  0.3  rew=-1529.0  succ=0.00 | L_pol=-0.0012  L_val=855.8920  t=169s
