Device=cuda  terrains: train=70 val=15 test=15  seed=42
  PPO [right]: LSTM + fixed-std — mean forced to learn walking
  [right] Good training terrains: 48/70

============================================================
PPO-LSTM training [right]  iters=600  device=cuda
============================================================
  iter   10/600 | dist=  8.8  rew= 100.0  succ=0.00 | L_pol=-0.0002  L_val=193.8070  log_std=0.456  vel×4.0  t=34s
  iter   20/600 | dist=  8.7  rew=  94.8  succ=0.00 | L_pol=-0.0007  L_val=169.6948  log_std=0.413  vel×4.0  t=68s
  → VAL dist=1.91
  ✓ best saved → /home/ubuntu/workspace/hexapod-wall-tackle/robot_training/models/ppo_best_right.pt
  iter   30/600 | dist=  0.9  rew=   4.5  succ=0.00 | L_pol=-0.0019  L_val=123.1972  log_std=0.369  vel×4.0  t=111s
  iter   40/600 | dist= 13.2  rew= 144.2  succ=0.00 | L_pol=-0.0005  L_val=169.5918  log_std=0.325  vel×4.0  t=144s
  iter   50/600 | dist=  1.8  rew=  30.0  succ=0.00 | L_pol=0.0016  L_val=150.6259  log_std=0.282  vel×4.0  t=179s
  → VAL dist=3.46
  ✓ best saved → /home/ubuntu/workspace/hexapod-wall-tackle/robot_training/models/ppo_best_right.pt
  iter   60/600 | dist=  4.9  rew=  61.4  succ=0.00 | L_pol=-0.0076  L_val=243.5854  log_std=0.238  vel×4.0  t=226s
  iter   70/600 | dist= 10.6  rew= 149.5  succ=0.33 | L_pol=-0.0043  L_val=253.1576  log_std=0.194  vel×4.0  t=261s
  → VAL dist=0.74
  iter   80/600 | dist=  4.3  rew=  54.6  succ=0.00 | L_pol=-0.0037  L_val=95.6473  log_std=0.151  vel×4.0  t=308s
  iter   90/600 | dist=  5.0  rew=  62.0  succ=0.00 | L_pol=-0.0048  L_val=95.5125  log_std=0.107  vel×4.0  t=344s
  iter  100/600 | dist=  4.5  rew=  57.0  succ=0.00 | L_pol=-0.0032  L_val=58.5259  log_std=0.063  vel×4.0  t=379s
  → VAL dist=0.95
  iter  110/600 | dist=  2.8  rew=  39.9  succ=0.00 | L_pol=-0.0002  L_val=70.9992  log_std=0.020  vel×4.0  t=426s
  iter  120/600 | dist=  7.7  rew=  89.3  succ=0.00 | L_pol=-0.0013  L_val=56.5852  log_std=-0.024  vel×4.0  t=462s
  → VAL dist=0.73
  iter  130/600 | dist=  3.8  rew=  49.9  succ=0.00 | L_pol=-0.0013  L_val=113.4732  log_std=-0.068  vel×3.8  t=509s
  iter  140/600 | dist=  7.3  rew=  85.0  succ=0.00 | L_pol=0.0022  L_val=69.2565  log_std=-0.111  vel×3.7  t=545s
  iter  150/600 | dist=  3.2  rew=  38.7  succ=0.00 | L_pol=-0.0017  L_val=37.1005  log_std=-0.155  vel×3.5  t=582s
  → VAL dist=0.91
  iter  160/600 | dist=  4.7  rew=  58.6  succ=0.00 | L_pol=-0.0023  L_val=51.9415  log_std=-0.199  vel×3.3  t=631s
  iter  170/600 | dist=  2.9  rew=  34.7  succ=0.00 | L_pol=-0.0005  L_val=28.5341  log_std=-0.242  vel×3.2  t=668s
  → VAL dist=0.57
  iter  180/600 | dist=  5.0  rew=  61.7  succ=0.00 | L_pol=0.0067  L_val=137.1645  log_std=-0.286  vel×3.0  t=715s
  iter  190/600 | dist=  0.6  rew=  14.7  succ=0.00 | L_pol=-0.0023  L_val=27.2140  log_std=-0.330  vel×2.8  t=751s
  iter  200/600 | dist=  6.4  rew=  68.1  succ=0.00 | L_pol=-0.0019  L_val=78.8824  log_std=-0.373  vel×2.7  t=788s
  → VAL dist=0.43
  iter  210/600 | dist=  1.2  rew=  24.1  succ=0.00 | L_pol=-0.0033  L_val=48.4083  log_std=-0.417  vel×2.5  t=836s
  iter  220/600 | dist=  2.0  rew=  29.0  succ=0.00 | L_pol=-0.0018  L_val=14.0722  log_std=-0.461  vel×2.3  t=873s
  → VAL dist=0.43
  iter  230/600 | dist=  1.6  rew=  27.7  succ=0.00 | L_pol=-0.0008  L_val=41.6142  log_std=-0.504  vel×2.2  t=921s
  iter  240/600 | dist=  3.4  rew=  42.9  succ=0.00 | L_pol=0.0003  L_val=73.8470  log_std=-0.548  vel×2.0  t=957s
  iter  250/600 | dist=  0.8  rew=  14.2  succ=0.00 | L_pol=-0.0041  L_val=32.2383  log_std=-0.592  vel×1.8  t=994s
  → VAL dist=2.24
  iter  260/600 | dist=  4.5  rew=  52.7  succ=0.00 | L_pol=-0.0016  L_val=39.8958  log_std=-0.635  vel×1.7  t=1056s
  iter  270/600 | dist=  1.3  rew=  23.1  succ=0.00 | L_pol=-0.0108  L_val=10.5975  log_std=-0.679  vel×1.5  t=1094s
  → VAL dist=0.62
  iter  280/600 | dist=  6.1  rew=  71.2  succ=0.00 | L_pol=0.0080  L_val=48.4380  log_std=-0.723  vel×1.3  t=1164s
